1. Sara lives around here.
2. Sara is the clown.
3. Sara lives in the dark house.
4. Sara lives in the dark house.
Q: What do you know about Sara?
A: Sara is the clown and lives in the dark house.
Q: Who lives in the dark house?
A: Sara lives in the dark house.
Q: Who is the clown?
A: Sara is the clown.
