1. Peter lives in the buzzard house.
2. Alex is the businesswoman.
3. Alex lives in the buzzard house.
4. The beerdrinker lives in the buzzard house.
That's impossible.
