1. Roman lives in the russian house.
2. Dmitri does not live in the ukranian house.
3. Wolodja does not live in the russian house.
4. There is a belorussian house.
Q: Where does Dmitri live?
A: Dmitri lives in the belorussian house.
Q: Where does Wolodja live?
A: Wolodja lives in the ukranian house.
