1. Stefan is the geneticist.
2. Alex is not the geneticist.
3. The businesswoman lives around here.
4. There is a buzzard house.
Q: Who lives in the buzzard house?
A: I don't know.
Q: What does Alex do?
A: Alex is the businesswoman.
Q: Who is the geneticist?
A: Stefan is the geneticist.
