1. Dmitri is the physicist.
2. Wolodja is not the physicist.
3. Wolodja lives in the ukrainian house.
4. There is a belorussian house.
5. The diplomat lives around here.
Q: Who is the diplomat?
A: Wolodja is the diplomat.
Q: What do you know about Dmitri?
A: Dmitri is the physicist and lives in the belorussian house.
