1. Jura is not the dummy.
2. Wolodymyr is not the dummy.
3. Wolodymyr is not the lawyer.
4. Jura is not the diplomat.
5. Dummy lives around here.
Q: Who is the dummy?
A: Dummy is the dummy.
Q: What does Dummy do?
A: Dummy is the dummy.
Q: What do you know about Jura?
A: Jura is the lawyer.
Q: What do you know about Wolodymyr?
A: Wolodymyr is the diplomat.
