1. Alex lives around here.
2. Peter lives in the underground house.
Q: What do you know about Alex?
A: Nothing.
Q: What do you know about Peter?
A: Peter lives in the underground house.
